// Jest Snapshot v1, https://goo.gl/fbAQLP

exports[`CategoryList.vue renders correctly 1`] = `<!---->`;
